// Jest Snapshot v1, https://goo.gl/fbAQLP

exports[`Storyshots Another Button with some emoji 1`] = `
<div>
  prefix
   
  <Unknown />
   
  suffix
</div>
`;

exports[`Storyshots Another Button with text 1`] = `
<div>
  prefix
   
  <Unknown />
   
  suffix
</div>
`;

exports[`Storyshots Text Simple 1`] = `
<div>
  prefix
   
  <Unknown />
   
  suffix
</div>
`;
